Product: MDK-ARM Professional 5.10
Component: ARM Compiler 5.04 update 1 (build 49)
Tool: armlink [5040049]

==============================================================================

Section Cross References

    main.o(.text) refers to _printf_pad.o(.text) for _printf_pre_padding
    main.o(.text) refers to _printf_percent.o(.ARM.Collect$$_printf_percent$$00000000) for _printf_percent
    main.o(.text) refers to _printf_x.o(.ARM.Collect$$_printf_percent$$0000000C) for _printf_x
    main.o(.text) refers to _printf_hex_int_ptr.o(.text) for _printf_longlong_hex
    main.o(.text) refers to _printf_s.o(.ARM.Collect$$_printf_percent$$00000014) for _printf_s
    main.o(.text) refers to _printf_str.o(.text) for _printf_str
    main.o(.text) refers to tiza_spi_flash.o(.text) for FlashInit
    main.o(.text) refers to noretval__2printf.o(.text) for __2printf
    main.o(.text) refers to tiza_misc.o(.text) for GetDeviceSerial
    main.o(.text) refers to os_time.o(.text) for OSTimeDlyHMSM
    main.o(.text) refers to stm32f4xx_flash.o(.text) for FLASH_ProgramByte
    main.o(.text) refers to cpu_core.o(.text) for CPU_Init
    main.o(.text) refers to os_core.o(.text) for OSSchedRoundRobinCfg
    main.o(.text) refers to cpu_a.o(.text) for CPU_SR_Save
    main.o(.text) refers to os_task.o(.text) for OSTaskCreate
    main.o(.text) refers to delay.o(.text) for delay_init
    main.o(.text) refers to misc.o(.text) for NVIC_PriorityGroupConfig
    main.o(.text) refers to usart.o(.text) for uart_init
    main.o(.text) refers to tiza_io.o(.text) for IoInit
    main.o(.text) refers to test_tasks.o(.data) for testdata
    main.o(.text) refers to main.o(.data) for need_write_device_id
    main.o(.text) refers to usart.o(.data) for device_id_data
    main.o(.text) refers to usart.o(.bss) for device_sn_data
    main.o(.text) refers to os_var.o(.data) for OSSchedLockNestingCtr
    main.o(.text) refers to main.o(.bss) for TASK3_TASK_STK
    main.o(.text) refers to test_tasks.o(.text) for CanTask
    system_stm32f4xx.o(.text) refers to system_stm32f4xx.o(.data) for SystemCoreClock
    startup_stm32f40_41xxx.o(STACK) refers (Special) to heapauxi.o(.text) for __use_two_region_memory
    startup_stm32f40_41xxx.o(HEAP) refers (Special) to heapauxi.o(.text) for __use_two_region_memory
    startup_stm32f40_41xxx.o(RESET) refers (Special) to heapauxi.o(.text) for __use_two_region_memory
    startup_stm32f40_41xxx.o(RESET) refers to startup_stm32f40_41xxx.o(STACK) for __initial_sp
    startup_stm32f40_41xxx.o(RESET) refers to startup_stm32f40_41xxx.o(.text) for Reset_Handler
    startup_stm32f40_41xxx.o(RESET) refers to stm32f4xx_it.o(.text) for NMI_Handler
    startup_stm32f40_41xxx.o(RESET) refers to os_cpu_a.o(CODE) for PendSV_Handler
    startup_stm32f40_41xxx.o(RESET) refers to delay.o(.text) for SysTick_Handler
    startup_stm32f40_41xxx.o(RESET) refers to tiza_rtc.o(.text) for RTC_WKUP_IRQHandler
    startup_stm32f40_41xxx.o(RESET) refers to tiza_can.o(.text) for CAN1_RX0_IRQHandler
    startup_stm32f40_41xxx.o(RESET) refers to tiza_gen.o(.text) for TIM3_IRQHandler
    startup_stm32f40_41xxx.o(RESET) refers to tiza_hw_timer.o(.text) for TIM4_IRQHandler
    startup_stm32f40_41xxx.o(RESET) refers to usart.o(.text) for USART1_IRQHandler
    startup_stm32f40_41xxx.o(RESET) refers to tiza_rs485.o(.text) for USART2_IRQHandler
    startup_stm32f40_41xxx.o(RESET) refers to sdio_sdcard.o(.text) for SDIO_IRQHandler
    startup_stm32f40_41xxx.o(RESET) refers to tiza_gps.o(.text) for UART4_IRQHandler
    startup_stm32f40_41xxx.o(.text) refers (Special) to heapauxi.o(.text) for __use_two_region_memory
    startup_stm32f40_41xxx.o(.text) refers to system_stm32f4xx.o(.text) for SystemInit
    startup_stm32f40_41xxx.o(.text) refers to __main.o(!!!main) for __main
    startup_stm32f40_41xxx.o(.text) refers to startup_stm32f40_41xxx.o(HEAP) for Heap_Mem
    startup_stm32f40_41xxx.o(.text) refers to startup_stm32f40_41xxx.o(STACK) for Stack_Mem
    stm32f4xx_gpio.o(.text) refers to stm32f4xx_rcc.o(.text) for RCC_AHB1PeriphResetCmd
    stm32f4xx_rcc.o(.text) refers to stm32f4xx_rcc.o(.data) for APBAHBPrescTable
    stm32f4xx_syscfg.o(.text) refers to stm32f4xx_rcc.o(.text) for RCC_APB2PeriphResetCmd
    stm32f4xx_usart.o(.text) refers to stm32f4xx_rcc.o(.text) for RCC_APB2PeriphResetCmd
    stm32f4xx_fsmc.o(.text) refers to stm32f4xx_fsmc.o(.constdata) for FSMC_DefaultTimingStruct
    stm32f4xx_tim.o(.text) refers to stm32f4xx_rcc.o(.text) for RCC_APB2PeriphResetCmd
    stm32f4xx_can.o(.text) refers to stm32f4xx_rcc.o(.text) for RCC_APB1PeriphResetCmd
    stm32f4xx_pwr.o(.text) refers to stm32f4xx_rcc.o(.text) for RCC_APB1PeriphResetCmd
    stm32f4xx_spi.o(.text) refers to stm32f4xx_rcc.o(.text) for RCC_APB2PeriphResetCmd
    stm32f4xx_adc.o(.text) refers to stm32f4xx_rcc.o(.text) for RCC_APB2PeriphResetCmd
[...]
    OS_PendAbort                             0x0800792b   Thumb Code   166  os_core.o(.text)
    OS_PendDbgNameRemove                     0x080079d1   Thumb Code    34  os_core.o(.text)
    OS_PendListChangePrio                    0x080079f3   Thumb Code    70  os_core.o(.text)
    OS_PendListInit                          0x08007a39   Thumb Code    10  os_core.o(.text)
    OS_PendListInsertHead                    0x08007a43   Thumb Code    32  os_core.o(.text)
    OS_PendObjDel1                           0x08007a63   Thumb Code    36  os_core.o(.text)
    OS_PendObjDel                            0x08007a87   Thumb Code   162  os_core.o(.text)
    OS_Post1                                 0x08007b29   Thumb Code    42  os_core.o(.text)
    OS_Post                                  0x08007b53   Thumb Code   192  os_core.o(.text)
    OS_Sched0                                0x08007c13   Thumb Code    68  os_core.o(.text)
    OS_SchedRoundRobin                       0x08007c57   Thumb Code   220  os_core.o(.text)
    OS_Dbg_Init                              0x08007d41   Thumb Code   146  os_dbg.o(.text)
    OS_FlagDbgListAdd                        0x08007ef1   Thumb Code    38  os_flag.o(.text)
    OSFlagCreate                             0x08007f17   Thumb Code   172  os_flag.o(.text)
    OS_FlagClr                               0x08007fc3   Thumb Code    28  os_flag.o(.text)
    OS_FlagDbgListRemove                     0x08007fdf   Thumb Code    44  os_flag.o(.text)
    OSFlagDel                                0x0800800b   Thumb Code   594  os_flag.o(.text)
    OS_FlagBlock                             0x0800825d   Thumb Code    58  os_flag.o(.text)
    OSFlagPend                               0x08008297   Thumb Code  1488  os_flag.o(.text)
    OSFlagPendAbort                          0x08008867   Thumb Code   292  os_flag.o(.text)
    OSFlagPendGetFlagsRdy                    0x0800898b   Thumb Code    68  os_flag.o(.text)
    OS_FlagTaskRdy                           0x080089cf   Thumb Code    86  os_flag.o(.text)
    OS_FlagPost                              0x08008a25   Thumb Code   570  os_flag.o(.text)
    OSFlagPost                               0x08008c5f   Thumb Code   146  os_flag.o(.text)
    OS_FlagInit                              0x08008cf1   Thumb Code    14  os_flag.o(.text)
    OS_IntQPost                              0x08008d19   Thumb Code   216  os_int.o(.text)
    OS_IntQRePost                            0x08008df1   Thumb Code   360  os_int.o(.text)
    OS_IntQTask                              0x08008f59   Thumb Code   162  os_int.o(.text)
    OS_IntQTaskInit                          0x08008ffb   Thumb Code   208  os_int.o(.text)
    OS_MemDbgListAdd                         0x0800915d   Thumb Code    34  os_mem.o(.text)
    OSMemCreate                              0x0800917f   Thumb Code   288  os_mem.o(.text)
    OSMemGet                                 0x0800929f   Thumb Code   100  os_mem.o(.text)
    OSMemPut                                 0x08009303   Thumb Code   112  os_mem.o(.text)
    OS_MemInit                               0x08009373   Thumb Code    14  os_mem.o(.text)
    OS_MsgPoolCreate                         0x08009395   Thumb Code    54  os_msg.o(.text)
    OS_MsgPoolInit                           0x080093cb   Thumb Code    70  os_msg.o(.text)
    OS_MsgQFreeAll                           0x08009411   Thumb Code    62  os_msg.o(.text)
    OS_MsgQInit                              0x0800944f   Thumb Code    14  os_msg.o(.text)
    OS_MsgQGet                               0x0800945d   Thumb Code    98  os_msg.o(.text)
    OS_MsgQPut                               0x080094bf   Thumb Code   246  os_msg.o(.text)
    OS_MutexDbgListAdd                       0x080095c1   Thumb Code    38  os_mutex.o(.text)
    OSMutexCreate                            0x080095e7   Thumb Code   178  os_mutex.o(.text)
    OS_MutexClr                              0x08009699   Thumb Code    38  os_mutex.o(.text)
    OS_MutexDbgListRemove                    0x080096bf   Thumb Code    44  os_mutex.o(.text)
    OSMutexDel                               0x080096eb   Thumb Code   842  os_mutex.o(.text)
    OSMutexPend                              0x08009a35   Thumb Code   706  os_mutex.o(.text)
    OSMutexPendAbort                         0x08009cf7   Thumb Code   314  os_mutex.o(.text)
    OSMutexPost                              0x08009e31   Thumb Code   564  os_mutex.o(.text)
    OS_MutexInit                             0x0800a065   Thumb Code    14  os_mutex.o(.text)
    OS_PrioInit                              0x0800a095   Thumb Code    20  os_prio.o(.text)
    OS_PrioGetHighest                        0x0800a0a9   Thumb Code    36  os_prio.o(.text)
    OS_PrioInsert                            0x0800a0cd   Thumb Code    32  os_prio.o(.text)
    OS_PrioRemove                            0x0800a0ed   Thumb Code    32  os_prio.o(.text)
    OS_QDbgListAdd                           0x0800a111   Thumb Code    38  os_q.o(.text)
    OSQCreate                                0x0800a137   Thumb Code   186  os_q.o(.text)
    OS_QClr                                  0x0800a1f1   Thumb Code    40  os_q.o(.text)
    OS_QDbgListRemove                        0x0800a219   Thumb Code    44  os_q.o(.text)
    OSQDel                                   0x0800a245   Thumb Code   362  os_q.o(.text)
    OSQFlush                                 0x0800a3af   Thumb Code   210  os_q.o(.text)
    OSQPend                                  0x0800a481   Thumb Code   538  os_q.o(.text)
    OSQPendAbort                             0x0800a69b   Thumb Code   292  os_q.o(.text)
    OS_QPost                                 0x0800a7bf   Thumb Code   324  os_q.o(.text)
    OSQPost                                  0x0800a903   Thumb Code   198  os_q.o(.text)
    OS_QInit                                 0x0800a9c9   Thumb Code    14  os_q.o(.text)
    OS_SemDbgListAdd                         0x0800a9e9   Thumb Code    38  os_sem.o(.text)
    OSSemCreate                              0x0800aa0f   Thumb Code   172  os_sem.o(.text)
    OS_SemClr                                0x0800aabb   Thumb Code    28  os_sem.o(.text)
    OS_SemDbgListRemove                      0x0800aad7   Thumb Code    44  os_sem.o(.text)
    OSSemDel                                 0x0800ab03   Thumb Code   362  os_sem.o(.text)
    OSSemPend                                0x0800ac6d   Thumb Code   504  os_sem.o(.text)
    OSSemPendAbort                           0x0800ae65   Thumb Code   292  os_sem.o(.text)
    OS_SemPost                               0x0800af89   Thumb Code   350  os_sem.o(.text)
    OSSemPost                                0x0800b0e7   Thumb Code   144  os_sem.o(.text)
    OSSemSet                                 0x0800b177   Thumb Code   138  os_sem.o(.text)
    OS_SemInit                               0x0800b201   Thumb Code    14  os_sem.o(.text)
    OSTaskChangePrio                         0x0800b219   Thumb Code   416  os_task.o(.text)
    OS_TaskDbgListAdd                        0x0800b3b9   Thumb Code    42  os_task.o(.text)
    OS_TaskInitTCB                           0x0800b3e3   Thumb Code   186  os_task.o(.text)
    OSTaskCreate                             0x0800b49d   Thumb Code   616  os_task.o(.text)
    OS_TaskDbgListRemove                     0x0800b705   Thumb Code    64  os_task.o(.text)
    OSTaskDel                                0x0800b745   Thumb Code   424  os_task.o(.text)
    OSTaskQFlush                             0x0800b8ed   Thumb Code   214  os_task.o(.text)
    OSTaskQPend                              0x0800b9c3   Thumb Code   554  os_task.o(.text)
    OSTaskQPendAbort                         0x0800bbed   Thumb Code   242  os_task.o(.text)
    OS_TaskQPost                             0x0800bcdf   Thumb Code   526  os_task.o(.text)
    OSTaskQPost                              0x0800beed   Thumb Code   114  os_task.o(.text)
    OSTaskRegGet                             0x0800bf5f   Thumb Code    78  os_task.o(.text)
    OSTaskRegGetID                           0x0800bfad   Thumb Code    84  os_task.o(.text)
    OSTaskRegSet                             0x0800c001   Thumb Code    78  os_task.o(.text)
    OS_TaskResume                            0x0800c04f   Thumb Code   314  os_task.o(.text)
    OSTaskResume                             0x0800c189   Thumb Code   112  os_task.o(.text)
    OSTaskSemPend                            0x0800c1f9   Thumb Code   550  os_task.o(.text)
    OSTaskSemPendAbort                       0x0800c41f   Thumb Code   270  os_task.o(.text)
    OS_TaskSemPost                           0x0800c52d   Thumb Code  1224  os_task.o(.text)
    OSTaskSemPost                            0x0800c9f5   Thumb Code    98  os_task.o(.text)
    OSTaskSemSet                             0x0800ca57   Thumb Code    80  os_task.o(.text)
    OSTaskStkChk                             0x0800caa7   Thumb Code   224  os_task.o(.text)
    OS_TaskSuspend                           0x0800cb87   Thumb Code   328  os_task.o(.text)
    OSTaskSuspend                            0x0800cccf   Thumb Code    78  os_task.o(.text)
    OSTaskTimeQuantaSet                      0x0800cd1d   Thumb Code    96  os_task.o(.text)
    OS_TaskInit                              0x0800cd7d   Thumb Code    18  os_task.o(.text)
    OS_TaskReturn                            0x0800cd8f   Thumb Code    20  os_task.o(.text)
    OS_TickListRemove                        0x0800cdcd   Thumb Code    56  os_tick.o(.text)
    OS_TickListUpdate                        0x0800ce05   Thumb Code   480  os_tick.o(.text)
    OS_TickTask                              0x0800cfe5   Thumb Code    38  os_tick.o(.text)
    OS_TickListInit                          0x0800d00b   Thumb Code    32  os_tick.o(.text)
    OS_TickTaskInit                          0x0800d02b   Thumb Code   130  os_tick.o(.text)
    OS_TickListInsert                        0x0800d0ad   Thumb Code   502  os_tick.o(.text)
    OS_TickListResetPeak                     0x0800d2a3   Thumb Code    28  os_tick.o(.text)
    OSTimeDly                                0x0800d2c9   Thumb Code   266  os_time.o(.text)
    OSTimeDlyHMSM                            0x0800d3d3   Thumb Code   480  os_time.o(.text)
    OSTimeDlyResume                          0x0800d5b3   Thumb Code   466  os_time.o(.text)
    OSTimeGet                                0x0800d785   Thumb Code    46  os_time.o(.text)
    OSTimeSet                                0x0800d7b3   Thumb Code    46  os_time.o(.text)
    OSTimeTick                               0x0800d7e1   Thumb Code    54  os_time.o(.text)
    OS_TmrDbgListAdd                         0x0800d82d   Thumb Code    34  os_tmr.o(.text)
    OSTmrCreate                              0x0800d84f   Thumb Code   248  os_tmr.o(.text)
    OS_TmrClr                                0x0800d947   Thumb Code    36  os_tmr.o(.text)
    OS_TmrUnlink                             0x0800d96b   Thumb Code    72  os_tmr.o(.text)
    OS_TmrDbgListRemove                      0x0800d9b3   Thumb Code    44  os_tmr.o(.text)
    OSTmrDel                                 0x0800d9df   Thumb Code   176  os_tmr.o(.text)
    OSTmrRemainGet                           0x0800da8f   Thumb Code   184  os_tmr.o(.text)
    OS_TmrLink                               0x0800db47   Thumb Code   196  os_tmr.o(.text)
    OSTmrStart                               0x0800dc0b   Thumb Code   210  os_tmr.o(.text)
    OSTmrStateGet                            0x0800dcdd   Thumb Code   134  os_tmr.o(.text)
    OSTmrStop                                0x0800dd63   Thumb Code   232  os_tmr.o(.text)
    OS_TmrTask                               0x0800de4b   Thumb Code   176  os_tmr.o(.text)
    OS_TmrInit                               0x0800defb   Thumb Code   208  os_tmr.o(.text)
    OS_TmrResetPeak                          0x0800dfcb   Thumb Code    28  os_tmr.o(.text)
    OSIdleTaskHook                           0x0800e045   Thumb Code    16  os_cpu_c.o(.text)
    OSInitHook                               0x0800e055   Thumb Code    28  os_cpu_c.o(.text)
    OSStatTaskHook                           0x0800e071   Thumb Code    16  os_cpu_c.o(.text)
    OSTaskCreateHook                         0x0800e081   Thumb Code    20  os_cpu_c.o(.text)
    OSTaskDelHook                            0x0800e095   Thumb Code    20  os_cpu_c.o(.text)
    OSTaskReturnHook                         0x0800e0a9   Thumb Code    20  os_cpu_c.o(.text)
    OSTaskStkInit                            0x0800e0bd   Thumb Code   600  os_cpu_c.o(.text)
    OSTaskSwHook                             0x0800e315   Thumb Code   120  os_cpu_c.o(.text)
    OSTimeTickHook                           0x0800e38d   Thumb Code    16  os_cpu_c.o(.text)
    OS_CPU_SysTickHandler                    0x0800e39d   Thumb Code    52  os_cpu_c.o(.text)
    OS_CPU_SysTickInit                       0x0800e3d1   Thumb Code    44  os_cpu_c.o(.text)
    UsartLocal232DeInit                      0x0800e43d   Thumb Code   122  test_tasks.o(.text)
    CanRecMessage                            0x0800e4d3   Thumb Code   132  test_tasks.o(.text)
    DealDebugSend                            0x0800e557   Thumb Code     2  test_tasks.o(.text)
    STFIFOUsed                               0x0800e559   Thumb Code    18  test_tasks.o(.text)
    ReadSTFIFO                               0x0800e56b   Thumb Code     4  test_tasks.o(.text)
    CanTask                                  0x0800e56f   Thumb Code  2098  test_tasks.o(.text)
    GpsTask                                  0x0800eda1   Thumb Code   508  test_tasks.o(.text)
    HardTest                                 0x0800ef9d   Thumb Code    54  test_tasks.o(.text)
    RtcTask                                  0x0800efd3   Thumb Code    24  test_tasks.o(.text)
    GenRecData                               0x0800efeb   Thumb Code    48  test_tasks.o(.text)
    RS485RecData                             0x0800f01b   Thumb Code    18  test_tasks.o(.text)
    WatchDogTask                             0x0800f02d   Thumb Code     2  test_tasks.o(.text)
    TimerFunc                                0x0800f02f   Thumb Code     8  test_tasks.o(.text)
    HwTimerTask                              0x0800f037   Thumb Code    20  test_tasks.o(.text)
    SPI1_ReadWriteByte                       0x0800f165   Thumb Code    50  spi.o(.text)
    SPI1_Init                                0x0800f197   Thumb Code   218  spi.o(.text)
    SPI1_SetSpeed                            0x0800f271   Thumb Code    36  spi.o(.text)
    CanSendMessage                           0x0800f389   Thumb Code   122  tiza_can.o(.text)
    CAN1_RX0_IRQHandler                      0x0800f403   Thumb Code    42  tiza_can.o(.text)
    CAN2_RX1_IRQHandler                      0x0800f42d   Thumb Code    42  tiza_can.o(.text)
    CanClosePort                             0x0800f457   Thumb Code    90  tiza_can.o(.text)
    CanOpenPort                              0x0800f4b1   Thumb Code   550  tiza_can.o(.text)
    UART4_IRQHandler                         0x0801025b   Thumb Code    80  tiza_gps.o(.text)
    GetNssAntStatus                          0x08010363   Thumb Code    40  tiza_gps.o(.text)
    NssInit                                  0x0801038b   Thumb Code   236  tiza_gps.o(.text)
    GetCurrentPosition                       0x08010477   Thumb Code   380  tiza_gps.o(.text)
    NssResetStart                            0x080105f3   Thumb Code    16  tiza_gps.o(.text)
    NssResetComplete                         0x08010603   Thumb Code    16  tiza_gps.o(.text)
    IoInit                                   0x08010635   Thumb Code   206  tiza_io.o(.text)
    LedDisp                                  0x08010703   Thumb Code    60  tiza_io.o(.text)
    GetTearDownStatus                        0x0801073f   Thumb Code    24  tiza_io.o(.text)
    GetExtPowerStatus                        0x08010757   Thumb Code    16  tiza_io.o(.text)
    RS485OpenPort                            0x08010779   Thumb Code   214  tiza_rs485.o(.text)
    RS485ClosePort                           0x0801084f   Thumb Code    34  tiza_rs485.o(.text)
    RS485SendData                            0x08010871   Thumb Code    60  tiza_rs485.o(.text)
    USART2_IRQHandler                        0x080108ad   Thumb Code    34  tiza_rs485.o(.text)
    RTC_Set_Time                             0x08010901   Thumb Code    36  tiza_rtc.o(.text)
    RTC_Set_Date                             0x08010925   Thumb Code    36  tiza_rtc.o(.text)
    RtcInit                                  0x08010949   Thumb Code   114  tiza_rtc.o(.text)
    RtcGetTime                               0x080109bb   Thumb Code    66  tiza_rtc.o(.text)
    RtcSetTime                               0x080109fd   Thumb Code    50  tiza_rtc.o(.text)
    RtcSetAlarm                              0x08010a2f   Thumb Code   126  tiza_rtc.o(.text)
    RTC_WKUP_IRQHandler                      0x08010aad   Thumb Code    50  tiza_rtc.o(.text)
    U8SumCheck                               0x08010ae1   Thumb Code    28  tiza_selfdef.o(.text)
    XorCheck                                 0x08010afd   Thumb Code    26  tiza_selfdef.o(.text)
    RamClear                                 0x08010b17   Thumb Code    20  tiza_selfdef.o(.text)
    RamZero                                  0x08010b2b   Thumb Code    20  tiza_selfdef.o(.text)
    CrcCheck                                 0x08010b3f   Thumb Code    68  tiza_selfdef.o(.text)
    Crc16Check                               0x08010b83   Thumb Code    66  tiza_selfdef.o(.text)
    Crc16Verify                              0x08010bc5   Thumb Code    62  tiza_selfdef.o(.text)
    StrLen                                   0x08010c03   Thumb Code    32  tiza_selfdef.o(.text)
    LongTimeDly                              0x08010c23   Thumb Code    22  tiza_selfdef.o(.text)
    SubMatch                                 0x08010c39   Thumb Code    62  tiza_selfdef.o(.text)
    IsValidChar                              0x08010c77   Thumb Code    56  tiza_selfdef.o(.text)
    IsValidAscii                             0x08010caf   Thumb Code    68  tiza_selfdef.o(.text)
    IsValidNum                               0x08010cf3   Thumb Code    44  tiza_selfdef.o(.text)
    IsValidCharFloatNum                      0x08010d1f   Thumb Code    50  tiza_selfdef.o(.text)
    IsValidNumOrChar                         0x08010d51   Thumb Code    68  tiza_selfdef.o(.text)
    IsValidNumOrCharOrDot                    0x08010d95   Thumb Code    74  tiza_selfdef.o(.text)
    LittleBigSwap                            0x08010ddf   Thumb Code    30  tiza_selfdef.o(.text)
    MemCpy                                   0x08010dfd   Thumb Code    22  tiza_selfdef.o(.text)
    MemCmp                                   0x08010e13   Thumb Code    36  tiza_selfdef.o(.text)
    AsciiToHexVal                            0x08010e37   Thumb Code   108  tiza_selfdef.o(.text)
    AsciiToHex                               0x08010ea3   Thumb Code    48  tiza_selfdef.o(.text)
    HexToAscii                               0x08010ed3   Thumb Code    74  tiza_selfdef.o(.text)
    U8ToUint32                               0x08010f1d   Thumb Code    48  tiza_selfdef.o(.text)
    Uint32ToU8                               0x08010f4d   Thumb Code    16  tiza_selfdef.o(.text)
    U8ToFloat                                0x08010f5d   Thumb Code    26  tiza_selfdef.o(.text)
    FloatToU8                                0x08010f77   Thumb Code    26  tiza_selfdef.o(.text)
    FlashInit                                0x08010fb5   Thumb Code    24  tiza_spi_flash.o(.text)
    FlashRead                                0x08011049   Thumb Code    80  tiza_spi_flash.o(.text)
    FlashWrite                               0x080110ff   Thumb Code    84  tiza_spi_flash.o(.text)
    FlashEraseChip                           0x08011153   Thumb Code    40  tiza_spi_flash.o(.text)
    FlashEraseSector                         0x0801117b   Thumb Code    80  tiza_spi_flash.o(.text)
    FlashPowerDown                           0x080111cb   Thumb Code    34  tiza_spi_flash.o(.text)
    FlashWakeUp                              0x080111ed   Thumb Code    34  tiza_spi_flash.o(.text)
    EWdtInit                                 0x08011215   Thumb Code    58  tiza_wd.o(.text)
    ClearEWatchdog                           0x0801124f   Thumb Code    48  tiza_wd.o(.text)
    WdtInit                                  0x0801127f   Thumb Code    34  tiza_wd.o(.text)
    ClearWatchdog                            0x080112a1   Thumb Code     8  tiza_wd.o(.text)
    PowerOnDelay                             0x0801154b   Thumb Code    26  tiza_gen.o(.text)
    AtDelay                                  0x080115e7   Thumb Code    16  tiza_gen.o(.text)
    FlowAtImei                               0x080118ed   Thumb Code    40  tiza_gen.o(.text)
    AtNetOpenExtraRx                         0x08011fbf   Thumb Code   326  tiza_gen.o(.text)
    AtNetCloseExtraRx                        0x08012203   Thumb Code   104  tiza_gen.o(.text)
    AtIpOpenTcpExtraRx                       0x080123af   Thumb Code   120  tiza_gen.o(.text)
    AtIpCloseExtraRx                         0x08012603   Thumb Code   120  tiza_gen.o(.text)
    AtIpSendTcpExtraTx                       0x080126ff   Thumb Code    34  tiza_gen.o(.text)
    AtIpSendTcpExtraRx                       0x08012787   Thumb Code   166  tiza_gen.o(.text)
    FlowPowerReset                           0x08012863   Thumb Code    58  tiza_gen.o(.text)
    USART3_IRQHandler                        0x08012947   Thumb Code    82  tiza_gen.o(.text)
    GenInit                                  0x08012bb3   Thumb Code    50  tiza_gen.o(.text)
    GenGetInitStatus                         0x08013065   Thumb Code     6  tiza_gen.o(.text)
    GenGetNetLinkStatus                      0x0801306b   Thumb Code     6  tiza_gen.o(.text)
    GenConnect                               0x08013071   Thumb Code    50  tiza_gen.o(.text)
    GenDisconnectNet                         0x08013113   Thumb Code    44  tiza_gen.o(.text)
    GenGetSerLinkStatus                      0x080131b9   Thumb Code    28  tiza_gen.o(.text)
    GenGetSendDataStatus                     0x080131d5   Thumb Code    28  tiza_gen.o(.text)
    GenConnectSer                            0x080131f1   Thumb Code   180  tiza_gen.o(.text)
    GenDisconnectSer                         0x08013367   Thumb Code   286  tiza_gen.o(.text)
    GenSendData                              0x0801350b   Thumb Code   122  tiza_gen.o(.text)
    GenReset                                 0x080136a7   Thumb Code    46  tiza_gen.o(.text)
    GenResetStart                            0x080136ef   Thumb Code    16  tiza_gen.o(.text)
    GenResetComplete                         0x080136ff   Thumb Code    16  tiza_gen.o(.text)
    GenGetIMEI                               0x0801370f   Thumb Code    34  tiza_gen.o(.text)
    GenProcess                               0x0801376f   Thumb Code    76  tiza_gen.o(.text)
    TIM3_IRQHandler                          0x080137d1   Thumb Code   184  tiza_gen.o(.text)
    SDIO_Register_Deinit                     0x08013889   Thumb Code    48  sdio_sdcard.o(.text)
    SD_SetDeviceMode                         0x080138b9   Thumb Code    20  sdio_sdcard.o(.text)
    SDIO_Clock_Set                           0x080138cd   Thumb Code    18  sdio_sdcard.o(.text)
    CmdResp1Error                            0x080138df   Thumb Code    96  sdio_sdcard.o(.text)
    FindSCR                                  0x0801393f   Thumb Code   390  sdio_sdcard.o(.text)
    SDEnWideBus                              0x08013ac5   Thumb Code   160  sdio_sdcard.o(.text)
    SD_EnableWideBusOperation                0x08013b65   Thumb Code    98  sdio_sdcard.o(.text)
    SD_SelectDeselect                        0x08013bc7   Thumb Code    42  sdio_sdcard.o(.text)
    SD_GetCardInfo                           0x08013bf1   Thumb Code   806  sdio_sdcard.o(.text)
    CmdResp2Error                            0x08013f17   Thumb Code    80  sdio_sdcard.o(.text)
    CmdResp6Error                            0x08013f67   Thumb Code   144  sdio_sdcard.o(.text)
    SD_InitializeCards                       0x08013ff7   Thumb Code   354  sdio_sdcard.o(.text)
    CmdResp3Error                            0x08014159   Thumb Code    52  sdio_sdcard.o(.text)
    CmdResp7Error                            0x0801418d   Thumb Code    72  sdio_sdcard.o(.text)
    CmdError                                 0x080141d5   Thumb Code    48  sdio_sdcard.o(.text)
    SD_PowerON                               0x08014205   Thumb Code   460  sdio_sdcard.o(.text)
    SD_Init                                  0x080143d1   Thumb Code   352  sdio_sdcard.o(.text)
    SD_PowerOFF                              0x08014531   Thumb Code    12  sdio_sdcard.o(.text)
    SD_DMA_Config                            0x0801453d   Thumb Code   118  sdio_sdcard.o(.text)
    convert_from_bytes_to_power_of_two       0x080145b3   Thumb Code    18  sdio_sdcard.o(.text)
    SD_ReadBlock                             0x080145c5   Thumb Code   578  sdio_sdcard.o(.text)
    SD_ReadMultiBlocks                       0x08014807   Thumb Code   762  sdio_sdcard.o(.text)
    IsCardProgramming                        0x08014b01   Thumb Code   150  sdio_sdcard.o(.text)
    SD_WriteBlock                            0x08014b97   Thumb Code   912  sdio_sdcard.o(.text)
    SD_WriteMultiBlocks                      0x08014f27   Thumb Code   976  sdio_sdcard.o(.text)
    SD_ProcessIRQSrc                         0x080152f7   Thumb Code   322  sdio_sdcard.o(.text)
    SDIO_IRQHandler                          0x08015439   Thumb Code     8  sdio_sdcard.o(.text)
    SD_SendStatus                            0x08015441   Thumb Code    74  sdio_sdcard.o(.text)
    SD_GetState                              0x0801548b   Thumb Code    26  sdio_sdcard.o(.text)
    SD_ReadDisk                              0x080154a5   Thumb Code   190  sdio_sdcard.o(.text)
    SD_WriteDisk                             0x08015563   Thumb Code   148  sdio_sdcard.o(.text)
    OpenTimer                                0x080155fd   Thumb Code   100  tiza_hw_timer.o(.text)
    CloseTimer                               0x08015661   Thumb Code    22  tiza_hw_timer.o(.text)
    TIM4_IRQHandler                          0x08015677   Thumb Code    28  tiza_hw_timer.o(.text)
    GetDeviceSerial                          0x08015699   Thumb Code    42  tiza_misc.o(.text)
    __use_no_semihosting                     0x080156c9   Thumb Code     2  use_no_semi_2.o(.text)
    __aeabi_uldivmod                         0x080156cb   Thumb Code     0  lludivv7m.o(.text)
    _ll_udiv                                 0x080156cb   Thumb Code   238  lludivv7m.o(.text)
    __2printf                                0x080157b9   Thumb Code    20  noretval__2printf.o(.text)
    __2sprintf                               0x080157d1   Thumb Code    34  noretval__2sprintf.o(.text)
    _printf_pre_padding                      0x080157f9   Thumb Code    44  _printf_pad.o(.text)
    _printf_post_padding                     0x08015825   Thumb Code    34  _printf_pad.o(.text)
    _printf_truncate_signed                  0x08015847   Thumb Code    18  _printf_truncate.o(.text)
    _printf_truncate_unsigned                0x08015859   Thumb Code    18  _printf_truncate.o(.text)
    _printf_str                              0x0801586b   Thumb Code    82  _printf_str.o(.text)
    _printf_int_dec                          0x080158bd   Thumb Code   100  _printf_dec.o(.text)
    _printf_charcount                        0x08015931   Thumb Code    40  _printf_charcount.o(.text)
    _printf_wctomb                           0x08015959   Thumb Code   182  _printf_wctomb.o(.text)
    _printf_int_oct                          0x08015a15   Thumb Code    74  _printf_oct_int.o(.text)
    _printf_longlong_oct                     0x08015a15   Thumb Code     0  _printf_oct_int.o(.text)
    _printf_longlong_hex                     0x08015a69   Thumb Code    78  _printf_hex_int_ptr.o(.text)
    _printf_int_hex                          0x08015ab7   Thumb Code    26  _printf_hex_int_ptr.o(.text)
    _printf_hex_ptr                          0x08015ad1   Thumb Code    16  _printf_hex_int_ptr.o(.text)
    __printf                                 0x08015ae5   Thumb Code   388  __printf_flags_ss_wp.o(.text)
    __aeabi_memcpy                           0x08015c6d   Thumb Code     0  rt_memcpy_v6.o(.text)
    __rt_memcpy                              0x08015c6d   Thumb Code   138  rt_memcpy_v6.o(.text)
    _memcpy_lastbytes                        0x08015cd3   Thumb Code     0  rt_memcpy_v6.o(.text)
    __aeabi_memcpy4                          0x08015cf7   Thumb Code     0  rt_memcpy_w.o(.text)
    __aeabi_memcpy8                          0x08015cf7   Thumb Code     0  rt_memcpy_w.o(.text)
    __rt_memcpy_w                            0x08015cf7   Thumb Code   100  rt_memcpy_w.o(.text)
    _memcpy_lastbytes_aligned                0x08015d3f   Thumb Code     0  rt_memcpy_w.o(.text)
    __aeabi_memset                           0x08015d5b   Thumb Code    16  aeabi_memset.o(.text)
    strcmp                                   0x08015d6d   Thumb Code   128  strcmpv7m.o(.text)
    __use_two_region_memory                  0x08015ded   Thumb Code     2  heapauxi.o(.text)
    __rt_heap_escrow$2region                 0x08015def   Thumb Code     2  heapauxi.o(.text)
    __rt_heap_expand$2region                 0x08015df1   Thumb Code     2  heapauxi.o(.text)
    __I$use$semihosting                      0x08015df3   Thumb Code     0  use_no_semi.o(.text)
    __use_no_semihosting_swi                 0x08015df3   Thumb Code     2  use_no_semi.o(.text)
    _printf_int_common                       0x08015df5   Thumb Code   178  _printf_intcommon.o(.text)
    _printf_char_common                      0x08015eb3   Thumb Code    32  _printf_char_common.o(.text)
    _sputc                                   0x08015ed9   Thumb Code    10  _sputc.o(.text)
    _printf_cs_common                        0x08015ee3   Thumb Code    20  _printf_char.o(.text)
    _printf_char                             0x08015ef7   Thumb Code    16  _printf_char.o(.text)
    _printf_string                           0x08015f07   Thumb Code     8  _printf_char.o(.text)
    _printf_char_file                        0x08015f11   Thumb Code    32  _printf_char_file.o(.text)
    _printf_lcs_common                       0x08015f35   Thumb Code    20  _printf_wchar.o(.text)
    _printf_wchar                            0x08015f49   Thumb Code    16  _printf_wchar.o(.text)
    _printf_wstring                          0x08015f59   Thumb Code     8  _printf_wchar.o(.text)
    _wcrtomb                                 0x08015f61   Thumb Code    64  _wcrtomb.o(.text)
    __aeabi_memclr                           0x08015fa1   Thumb Code     0  rt_memclr.o(.text)
    __rt_memclr                              0x08015fa1   Thumb Code    68  rt_memclr.o(.text)
    _memset                                  0x08015fa5   Thumb Code     0  rt_memclr.o(.text)
    __rt_ctype_table                         0x08015fe5   Thumb Code    16  rt_ctype_table.o(.text)
    ferror                                   0x08015ff5   Thumb Code     8  ferror.o(.text)
    __aeabi_memclr4                          0x08015ffd   Thumb Code     0  rt_memclr_w.o(.text)
    __aeabi_memclr8                          0x08015ffd   Thumb Code     0  rt_memclr_w.o(.text)
    __rt_memclr_w                            0x08015ffd   Thumb Code    78  rt_memclr_w.o(.text)
    _memset_w                                0x08016001   Thumb Code     0  rt_memclr_w.o(.text)
    __user_setup_stackheap                   0x0801604b   Thumb Code    74  sys_stackheap_outer.o(.text)
    __rt_locale                              0x08016095   Thumb Code     8  rt_locale_intlibspace.o(.text)
    exit                                     0x0801609d   Thumb Code    12  exit.o(.text)
    __user_libspace                          0x080160a9   Thumb Code     8  libspace.o(.text)
    __user_perproc_libspace                  0x080160a9   Thumb Code     0  libspace.o(.text)
    __user_perthread_libspace                0x080160a9   Thumb Code     0  libspace.o(.text)
    OSStartHighRdy                           0x080160b1   Thumb Code     0  os_cpu_a.o(CODE)
    OSCtxSw                                  0x080160d3   Thumb Code     0  os_cpu_a.o(CODE)
    OSIntCtxSw                               0x080160dd   Thumb Code     0  os_cpu_a.o(CODE)
    PendSV_Handler                           0x080160e7   Thumb Code     0  os_cpu_a.o(CODE)
    _is_digit                                0x0801615d   Thumb Code    14  __printf_wp.o(i._is_digit)
    _get_lc_ctype                            0x0801616d   Thumb Code    44  lc_ctype_c.o(locale$$code)
    _fp_init                                 0x08016199   Thumb Code    10  fpinit.o(x$fpl$fpinit)
    __fplib_config_fpu_vfp                   0x080161a1   Thumb Code     0  fpinit.o(x$fpl$fpinit)
    __fplib_config_pureend_doubles           0x080161a1   Thumb Code     0  fpinit.o(x$fpl$fpinit)
    CPU_EndiannessTest                       0x080162a4   Data           4  cpu_core.o(.constdata)
    OSCfg_IdleTaskStkBasePtr                 0x0801633c   Data           4  os_cfg_app.o(.constdata)
    OSCfg_IdleTaskStkLimit                   0x08016340   Data           4  os_cfg_app.o(.constdata)
    OSCfg_IdleTaskStkSize                    0x08016344   Data           4  os_cfg_app.o(.constdata)
    OSCfg_IdleTaskStkSizeRAM                 0x08016348   Data           4  os_cfg_app.o(.constdata)
    OSCfg_IntQBasePtr                        0x0801634c   Data           4  os_cfg_app.o(.constdata)
    OSCfg_IntQSize                           0x08016350   Data           2  os_cfg_app.o(.constdata)
    OSCfg_IntQSizeRAM                        0x08016354   Data           4  os_cfg_app.o(.constdata)
    OSCfg_IntQTaskStkBasePtr                 0x08016358   Data           4  os_cfg_app.o(.constdata)
    OSCfg_IntQTaskStkLimit                   0x0801635c   Data           4  os_cfg_app.o(.constdata)
    OSCfg_IntQTaskStkSize                    0x08016360   Data           4  os_cfg_app.o(.constdata)
    OSCfg_IntQTaskStkSizeRAM                 0x08016364   Data           4  os_cfg_app.o(.constdata)
    OSCfg_ISRStkBasePtr                      0x08016368   Data           4  os_cfg_app.o(.constdata)
    OSCfg_ISRStkSize                         0x0801636c   Data           4  os_cfg_app.o(.constdata)
    OSCfg_ISRStkSizeRAM                      0x08016370   Data           4  os_cfg_app.o(.constdata)
    OSCfg_MsgPoolSize                        0x08016374   Data           2  os_cfg_app.o(.constdata)
    OSCfg_MsgPoolSizeRAM                     0x08016378   Data           4  os_cfg_app.o(.constdata)
    OSCfg_MsgPoolBasePtr                     0x0801637c   Data           4  os_cfg_app.o(.constdata)
    OSCfg_StatTaskPrio                       0x08016380   Data           1  os_cfg_app.o(.constdata)
    OSCfg_StatTaskRate_Hz                    0x08016384   Data           4  os_cfg_app.o(.constdata)
    OSCfg_StatTaskStkBasePtr                 0x08016388   Data           4  os_cfg_app.o(.constdata)
    OSCfg_StatTaskStkLimit                   0x0801638c   Data           4  os_cfg_app.o(.constdata)
    OSCfg_StatTaskStkSize                    0x08016390   Data           4  os_cfg_app.o(.constdata)
    OSCfg_StatTaskStkSizeRAM                 0x08016394   Data           4  os_cfg_app.o(.constdata)
    OSCfg_StkSizeMin                         0x08016398   Data           4  os_cfg_app.o(.constdata)
    OSCfg_TickRate_Hz                        0x0801639c   Data           4  os_cfg_app.o(.constdata)
    OSCfg_TickTaskPrio                       0x080163a0   Data           1  os_cfg_app.o(.constdata)
    OSCfg_TickTaskStkBasePtr                 0x080163a4   Data           4  os_cfg_app.o(.constdata)
    OSCfg_TickTaskStkLimit                   0x080163a8   Data           4  os_cfg_app.o(.constdata)
    OSCfg_TickTaskStkSize                    0x080163ac   Data           4  os_cfg_app.o(.constdata)
    OSCfg_TickTaskStkSizeRAM                 0x080163b0   Data           4  os_cfg_app.o(.constdata)
    OSCfg_TickWheelSize                      0x080163b4   Data           2  os_cfg_app.o(.constdata)
    OSCfg_TickWheelSizeRAM                   0x080163b8   Data           4  os_cfg_app.o(.constdata)
    OSCfg_TmrTaskPrio                        0x080163bc   Data           1  os_cfg_app.o(.constdata)
    OSCfg_TmrTaskRate_Hz                     0x080163c0   Data           4  os_cfg_app.o(.constdata)
    OSCfg_TmrTaskStkBasePtr                  0x080163c4   Data           4  os_cfg_app.o(.constdata)
    OSCfg_TmrTaskStkLimit                    0x080163c8   Data           4  os_cfg_app.o(.constdata)
    OSCfg_TmrTaskStkSize                     0x080163cc   Data           4  os_cfg_app.o(.constdata)
    OSCfg_TmrTaskStkSizeRAM                  0x080163d0   Data           4  os_cfg_app.o(.constdata)
    OSCfg_TmrWheelSize                       0x080163d4   Data           2  os_cfg_app.o(.constdata)
    OSCfg_TmrWheelSizeRAM                    0x080163d8   Data           4  os_cfg_app.o(.constdata)
    OSCfg_DataSizeRAM                        0x080163dc   Data           4  os_cfg_app.o(.constdata)
    OSDbg_DbgEn                              0x080163e0   Data           2  os_dbg.o(.constdata)
    OSDbg_ArgChkEn                           0x080163e2   Data           1  os_dbg.o(.constdata)
    OSDbg_AppHooksEn                         0x080163e3   Data           1  os_dbg.o(.constdata)
    OSDbg_EndiannessTest                     0x080163e4   Data           4  os_dbg.o(.constdata)
    OSDbg_CalledFromISRChkEn                 0x080163e8   Data           1  os_dbg.o(.constdata)
    OSDbg_FlagEn                             0x080163e9   Data           1  os_dbg.o(.constdata)
    OSDbg_FlagGrp                            0x080163ec   Data          40  os_dbg.o(.constdata)
    OSDbg_FlagDelEn                          0x08016414   Data           1  os_dbg.o(.constdata)
    OSDbg_FlagModeClrEn                      0x08016415   Data           1  os_dbg.o(.constdata)
    OSDbg_FlagPendAbortEn                    0x08016416   Data           1  os_dbg.o(.constdata)
    OSDbg_FlagGrpSize                        0x08016418   Data           2  os_dbg.o(.constdata)
    OSDbg_FlagWidth                          0x0801641a   Data           2  os_dbg.o(.constdata)
    OSDbg_IntQ                               0x0801641c   Data           2  os_dbg.o(.constdata)
    OSDbg_ISRPostDeferredEn                  0x0801641e   Data           1  os_dbg.o(.constdata)
    OSDbg_Mem                                0x08016420   Data          32  os_dbg.o(.constdata)
    OSDbg_MemEn                              0x08016440   Data           1  os_dbg.o(.constdata)
    OSDbg_MemSize                            0x08016442   Data           2  os_dbg.o(.constdata)
    OSDbg_MsgEn                              0x08016444   Data           1  os_dbg.o(.constdata)
    OSDbg_MsgSize                            0x08016446   Data           2  os_dbg.o(.constdata)
    OSDbg_MsgPoolSize                        0x08016448   Data           2  os_dbg.o(.constdata)
    OSDbg_MsgQSize                           0x0801644a   Data           2  os_dbg.o(.constdata)
    OSDbg_Mutex                              0x0801644c   Data          44  os_dbg.o(.constdata)
    OSDbg_MutexEn                            0x08016478   Data           1  os_dbg.o(.constdata)
    OSDbg_MutexDelEn                         0x08016479   Data           1  os_dbg.o(.constdata)
    OSDbg_MutexPendAbortEn                   0x0801647a   Data           1  os_dbg.o(.constdata)
    OSDbg_MutexSize                          0x0801647c   Data           2  os_dbg.o(.constdata)
    OSDbg_ObjTypeChkEn                       0x0801647e   Data           1  os_dbg.o(.constdata)
    OSDbg_PendMultiEn                        0x0801647f   Data           1  os_dbg.o(.constdata)
    OSDbg_PendDataSize                       0x08016480   Data           2  os_dbg.o(.constdata)
    OSDbg_PendListSize                       0x08016482   Data           2  os_dbg.o(.constdata)
    OSDbg_PendObjSize                        0x08016484   Data           2  os_dbg.o(.constdata)
    OSDbg_PrioMax                            0x08016486   Data           2  os_dbg.o(.constdata)
    OSDbg_PrioTblSize                        0x08016488   Data           2  os_dbg.o(.constdata)
    OSDbg_PtrSize                            0x0801648a   Data           2  os_dbg.o(.constdata)
    OSDbg_Q                                  0x0801648c   Data          48  os_dbg.o(.constdata)
    OSDbg_QEn                                0x080164bc   Data           1  os_dbg.o(.constdata)
    OSDbg_QDelEn                             0x080164bd   Data           1  os_dbg.o(.constdata)
    OSDbg_QFlushEn                           0x080164be   Data           1  os_dbg.o(.constdata)
    OSDbg_QPendAbortEn                       0x080164bf   Data           1  os_dbg.o(.constdata)
    OSDbg_QSize                              0x080164c0   Data           2  os_dbg.o(.constdata)
    OSDbg_SchedRoundRobinEn                  0x080164c2   Data           1  os_dbg.o(.constdata)
    OSDbg_Sem                                0x080164c4   Data          40  os_dbg.o(.constdata)
    OSDbg_SemEn                              0x080164ec   Data           1  os_dbg.o(.constdata)
    OSDbg_SemDelEn                           0x080164ed   Data           1  os_dbg.o(.constdata)
    OSDbg_SemPendAbortEn                     0x080164ee   Data           1  os_dbg.o(.constdata)
    OSDbg_SemSetEn                           0x080164ef   Data           1  os_dbg.o(.constdata)
    OSDbg_SemSize                            0x080164f0   Data           2  os_dbg.o(.constdata)
    OSDbg_RdyList                            0x080164f2   Data           2  os_dbg.o(.constdata)
    OSDbg_RdyListSize                        0x080164f4   Data           4  os_dbg.o(.constdata)
    OSDbg_StkWidth                           0x080164f8   Data           1  os_dbg.o(.constdata)
    OSDbg_StatTaskEn                         0x080164f9   Data           1  os_dbg.o(.constdata)
    OSDbg_StatTaskStkChkEn                   0x080164fa   Data           1  os_dbg.o(.constdata)
    OSDbg_TaskChangePrioEn                   0x080164fb   Data           1  os_dbg.o(.constdata)
    OSDbg_TaskDelEn                          0x080164fc   Data           1  os_dbg.o(.constdata)
    OSDbg_TaskQEn                            0x080164fd   Data           1  os_dbg.o(.constdata)
    OSDbg_TaskQPendAbortEn                   0x080164fe   Data           1  os_dbg.o(.constdata)
    OSDbg_TaskProfileEn                      0x080164ff   Data           1  os_dbg.o(.constdata)
    OSDbg_TaskRegTblSize                     0x08016500   Data           2  os_dbg.o(.constdata)
    OSDbg_TaskSemPendAbortEn                 0x08016502   Data           1  os_dbg.o(.constdata)
    OSDbg_TaskSuspendEn                      0x08016503   Data           1  os_dbg.o(.constdata)
    OSDbg_TCBSize                            0x08016504   Data           2  os_dbg.o(.constdata)
    OSDbg_TickSpokeSize                      0x08016506   Data           2  os_dbg.o(.constdata)
    OSDbg_TimeDlyHMSMEn                      0x08016508   Data           1  os_dbg.o(.constdata)
    OSDbg_TimeDlyResumeEn                    0x08016509   Data           1  os_dbg.o(.constdata)
    OSDbg_TLS_TblSize                        0x0801650a   Data           2  os_dbg.o(.constdata)
    OSDbg_Tmr                                0x0801650c   Data          52  os_dbg.o(.constdata)
    OSDbg_TmrEn                              0x08016540   Data           1  os_dbg.o(.constdata)
    OSDbg_TmrDelEn                           0x08016541   Data           1  os_dbg.o(.constdata)
    OSDbg_TmrSize                            0x08016542   Data           2  os_dbg.o(.constdata)
    OSDbg_TmrSpokeSize                       0x08016544   Data           2  os_dbg.o(.constdata)
    OSDbg_VersionNbr                         0x08016546   Data           2  os_dbg.o(.constdata)
    OSDbg_DataSize                           0x08016548   Data           4  os_dbg.o(.constdata)
    Region$$Table$$Base                      0x08016790   Number         0  anon$$obj.o(Region$$Table)
    Region$$Table$$Limit                     0x080167b0   Number         0  anon$$obj.o(Region$$Table)
    __ctype                                  0x080167bd   Data           0  lc_ctype_c.o(locale$$data)
    mem3base                                 0x10000000   Data       61440  malloc.o(.ARM.__AT_0x10000000)
    mem3mapbase                              0x1000f000   Data        3840  malloc.o(.ARM.__AT_0x1000F000)
    need_write_device_id                     0x20000000   Data           1  main.o(.data)
    need_write_device_sn                     0x20000001   Data           1  main.o(.data)
    SystemCoreClock                          0x20000004   Data           4  system_stm32f4xx.o(.data)
    AHBPrescTable                            0x20000008   Data          16  system_stm32f4xx.o(.data)
    __stdout                                 0x2000002c   Data           4  usart.o(.data)
    USART_RX_STA                             0x20000030   Data           2  usart.o(.data)
    device_id_data                           0x20000032   Data           5  usart.o(.data)
    CPU_TS_TmrFreq_Hz                        0x20000038   Data           4  cpu_core.o(.data)
    Mem_PoolTbl                              0x2000003c   Data           4  lib_mem.o(.data)
    OSPrioTbl                                0x20000040   Data           8  os_prio.o(.data)
    OS_AppTaskCreateHookPtr                  0x20000048   Data           4  os_var.o(.data)
    OS_AppTaskDelHookPtr                     0x2000004c   Data           4  os_var.o(.data)
    OS_AppTaskReturnHookPtr                  0x20000050   Data           4  os_var.o(.data)
    OS_AppIdleTaskHookPtr                    0x20000054   Data           4  os_var.o(.data)
    OS_AppStatTaskHookPtr                    0x20000058   Data           4  os_var.o(.data)
    OS_AppTaskSwHookPtr                      0x2000005c   Data           4  os_var.o(.data)
    OS_AppTimeTickHookPtr                    0x20000060   Data           4  os_var.o(.data)
    OSIdleTaskCtr                            0x20000064   Data           4  os_var.o(.data)
    OSIntNestingCtr                          0x20000068   Data           1  os_var.o(.data)
    OSRunning                                0x20000069   Data           1  os_var.o(.data)
    OSIntQInPtr                              0x2000006c   Data           4  os_var.o(.data)
    OSIntQOutPtr                             0x20000070   Data           4  os_var.o(.data)
    OSIntQNbrEntries                         0x20000074   Data           2  os_var.o(.data)
    OSIntQNbrEntriesMax                      0x20000076   Data           2  os_var.o(.data)
    OSIntQOvfCtr                             0x20000078   Data           2  os_var.o(.data)
    OSIntQTaskTimeMax                        0x2000007c   Data           4  os_var.o(.data)
    OSFlagDbgListPtr                         0x20000080   Data           4  os_var.o(.data)
    OSFlagQty                                0x20000084   Data           2  os_var.o(.data)
    OSMemDbgListPtr                          0x20000088   Data           4  os_var.o(.data)
    OSMemQty                                 0x2000008c   Data           2  os_var.o(.data)
    OSMutexDbgListPtr                        0x20000090   Data           4  os_var.o(.data)
    OSMutexQty                               0x20000094   Data           2  os_var.o(.data)
    OSPrioCur                                0x20000096   Data           1  os_var.o(.data)
    OSPrioHighRdy                            0x20000097   Data           1  os_var.o(.data)
    OSPrioSaved                              0x20000098   Data           1  os_var.o(.data)
    OSQDbgListPtr                            0x2000009c   Data           4  os_var.o(.data)
    OSQQty                                   0x200000a0   Data           2  os_var.o(.data)
    OSSchedLockTimeBegin                     0x200000a4   Data           4  os_var.o(.data)
    OSSchedLockTimeMax                       0x200000a8   Data           4  os_var.o(.data)
    OSSchedLockTimeMaxCur                    0x200000ac   Data           4  os_var.o(.data)
    OSSchedLockNestingCtr                    0x200000b0   Data           1  os_var.o(.data)
    OSSchedRoundRobinDfltTimeQuanta          0x200000b4   Data           4  os_var.o(.data)
    OSSchedRoundRobinEn                      0x200000b8   Data           1  os_var.o(.data)
    OSSemDbgListPtr                          0x200000bc   Data           4  os_var.o(.data)
    OSSemQty                                 0x200000c0   Data           2  os_var.o(.data)
    OSTaskCtxSwCtr                           0x200000c4   Data           4  os_var.o(.data)
    OSTaskDbgListPtr                         0x200000c8   Data           4  os_var.o(.data)
    OSTaskQty                                0x200000cc   Data           2  os_var.o(.data)
    OSTaskRegNextAvailID                     0x200000ce   Data           1  os_var.o(.data)
    OSTickCtr                                0x200000d0   Data           4  os_var.o(.data)
    OSTickTaskTimeMax                        0x200000d4   Data           4  os_var.o(.data)
    OSTmrDbgListPtr                          0x200000d8   Data           4  os_var.o(.data)
    OSTmrQty                                 0x200000dc   Data           2  os_var.o(.data)
    OSTmrTaskTimeMax                         0x200000e0   Data           4  os_var.o(.data)
    OSTmrTickCtr                             0x200000e4   Data           4  os_var.o(.data)
    OSTmrUpdateCnt                           0x200000e8   Data           4  os_var.o(.data)
    OSTmrUpdateCtr                           0x200000ec   Data           4  os_var.o(.data)
    OSTCBCurPtr                              0x200000f0   Data           4  os_var.o(.data)
    OSTCBHighRdyPtr                          0x200000f4   Data           4  os_var.o(.data)
    OS_CPU_ExceptStkBase                     0x200000f8   Data           4  os_cpu_c.o(.data)
    testdata                                 0x200000fc   Data          12  test_tasks.o(.data)
    AT                                       0x2000013c   Data           4  tiza_gen.o(.data)
    AT_E0                                    0x20000140   Data           6  tiza_gen.o(.data)
    AT_IPR                                   0x20000146   Data          17  tiza_gen.o(.data)
    AT_CIMI                                  0x20000157   Data          10  tiza_gen.o(.data)
    AT_CNUM                                  0x20000161   Data           9  tiza_gen.o(.data)
    AT_CPBS_ON                               0x2000016a   Data          14  tiza_gen.o(.data)
    AT_CPBW                                  0x20000178   Data          11  tiza_gen.o(.data)
    AT_IMEI                                  0x20000183   Data          12  tiza_gen.o(.data)
    AT_CSQ                                   0x2000018f   Data           8  tiza_gen.o(.data)
    AT_CREG                                  0x20000197   Data          10  tiza_gen.o(.data)
    AT_CGREG                                 0x200001a1   Data          11  tiza_gen.o(.data)
    AT_CSOCKAUTH                             0x200001ac   Data          47  tiza_gen.o(.data)
    AT_NETOPEN                               0x200001db   Data          13  tiza_gen.o(.data)
    AT_NETCLOSE                              0x200001e8   Data          14  tiza_gen.o(.data)
    AT_CIPOPEN_TCP                           0x200001f6   Data          30  tiza_gen.o(.data)
    AT_CIPSEND_TCP                           0x20000214   Data          19  tiza_gen.o(.data)
    AT_CIPOPEN_UDP                           0x20000227   Data          27  tiza_gen.o(.data)
    AT_CIPSEND_UDP                           0x20000242   Data          25  tiza_gen.o(.data)
    AT_CIPCLOSE                              0x2000025b   Data          17  tiza_gen.o(.data)
    AT_CIPMODE                               0x2000026c   Data          16  tiza_gen.o(.data)
    AT_IPADDR                                0x2000027c   Data          12  tiza_gen.o(.data)
    AT_CIPHEAD_ON                            0x20000288   Data          15  tiza_gen.o(.data)
    AT_CIPHEAD_OFF                           0x20000297   Data          15  tiza_gen.o(.data)
    AT_CIPSRIP_ON                            0x200002a6   Data          15  tiza_gen.o(.data)
    AT_CIPSRIP_OFF                           0x200002b5   Data          15  tiza_gen.o(.data)
    RECV_IPD_ACK                             0x200002c4   Data           5  tiza_gen.o(.data)
    RECV_FROM_ACK                            0x200002c9   Data          11  tiza_gen.o(.data)
    OK_ACK                                   0x200002d4   Data           3  tiza_gen.o(.data)
    CONNECT                                  0x200002d7   Data           8  tiza_gen.o(.data)
    CRLF_ACK                                 0x200002df   Data           3  tiza_gen.o(.data)
    NETOPEN_EXTRA_OK                         0x200002e2   Data          12  tiza_gen.o(.data)
    NETCLOSE_EXTRA_OK                        0x200002ee   Data          13  tiza_gen.o(.data)
    CIPOPEN_EXTRA_OK                         0x200002fb   Data          15  tiza_gen.o(.data)
    CIPSEND_EXTRA_OK                         0x2000030a   Data          19  tiza_gen.o(.data)
    CIPCLOSE_EXTRA_OK                        0x2000031d   Data          16  tiza_gen.o(.data)
    NETOPEN_ALREADY_OPENED                   0x2000032d   Data          37  tiza_gen.o(.data)
    g_at_cmd_struct                          0x20000354   Data         120  tiza_gen.o(.data)
    TransferError                            0x200003da   Data           1  sdio_sdcard.o(.data)
    TransferEnd                              0x200003db   Data           1  sdio_sdcard.o(.data)
    tempbuff                                 0x200003dc   Data           4  sdio_sdcard.o(.data)
    StartTaskTCB                             0x200003e0   Data         196  main.o(.bss)
    START_TASK_STK                           0x200004a4   Data        1024  main.o(.bss)
    Task1_TaskTCB                            0x200008a4   Data         196  main.o(.bss)
    TASK1_TASK_STK                           0x20000968   Data        1024  main.o(.bss)
    Task2_TaskTCB                            0x20000d68   Data         196  main.o(.bss)
    TASK2_TASK_STK                           0x20000e2c   Data        1024  main.o(.bss)
    Task3_TaskTCB                            0x2000122c   Data         196  main.o(.bss)
    TASK3_TASK_STK                           0x200012f0   Data        1024  main.o(.bss)
    Task4_TaskTCB                            0x200016f0   Data         196  main.o(.bss)
    TASK4_TASK_STK                           0x200017b4   Data        1024  main.o(.bss)
    Task5_TaskTCB                            0x20001bb4   Data         196  main.o(.bss)
    TASK5_TASK_STK                           0x20001c78   Data        1024  main.o(.bss)
    Task6_TaskTCB                            0x20002078   Data         196  main.o(.bss)
    TASK6_TASK_STK                           0x2000213c   Data        1024  main.o(.bss)
    Task7_TaskTCB                            0x2000253c   Data         196  main.o(.bss)
    TASK7_TASK_STK                           0x20002600   Data        1024  main.o(.bss)
    Task8_TaskTCB                            0x20002a00   Data         196  main.o(.bss)
    TASK8_TASK_STK                           0x20002ac4   Data        1024  main.o(.bss)
    Task9_TaskTCB                            0x20002ec4   Data         196  main.o(.bss)
    TASK9_TASK_STK                           0x20002f88   Data        1024  main.o(.bss)
    Task10_TaskTCB                           0x20003388   Data         196  main.o(.bss)
    TASK10_TASK_STK                          0x2000344c   Data        1024  main.o(.bss)
    Task11_TaskTCB                           0x2000384c   Data         196  main.o(.bss)
    TASK11_TASK_STK                          0x20003910   Data        1024  main.o(.bss)
    Task12_TaskTCB                           0x20003d10   Data         196  main.o(.bss)
    TASK12_TASK_STK                          0x20003dd4   Data        1024  main.o(.bss)
    Task13_TaskTCB                           0x200041d4   Data         196  main.o(.bss)
    TASK13_TASK_STK                          0x20004298   Data        1024  main.o(.bss)
    Task14_TaskTCB                           0x20004698   Data         196  main.o(.bss)
    TASK14_TASK_STK                          0x2000475c   Data        1024  main.o(.bss)
    USART_RX_BUF                             0x20004b5c   Data         200  usart.o(.bss)
    device_sn_data                           0x20004c24   Data          12  usart.o(.bss)
    CPU_Name                                 0x20004c30   Data          16  cpu_core.o(.bss)
    Mem_PoolHeap                             0x20004c40   Data          72  lib_mem.o(.bss)
    Mem_Heap                                 0x20004c88   Data        1024  lib_mem.o(.bss)
    OSCfg_IdleTaskStk                        0x20005088   Data         512  os_cfg_app.o(.bss)
    OSCfg_IntQ                               0x20005288   Data         320  os_cfg_app.o(.bss)
    OSCfg_IntQTaskStk                        0x200053c8   Data         512  os_cfg_app.o(.bss)
    OSCfg_ISRStk                             0x200055c8   Data         512  os_cfg_app.o(.bss)
    OSCfg_MsgPool                            0x200057c8   Data        1600  os_cfg_app.o(.bss)
    OSCfg_TickTaskStk                        0x20005e08   Data         512  os_cfg_app.o(.bss)
    OSCfg_TickWheel                          0x20006008   Data         136  os_cfg_app.o(.bss)
    OSCfg_TmrTaskStk                         0x20006090   Data         512  os_cfg_app.o(.bss)
    OSCfg_TmrWheel                           0x20006290   Data         136  os_cfg_app.o(.bss)
    OSIdleTaskTCB                            0x20006318   Data         196  os_var.o(.bss)
    OSIntQTaskTCB                            0x200063dc   Data         196  os_var.o(.bss)
    OSMsgPool                                0x200064a0   Data          12  os_var.o(.bss)
    OSRdyList                                0x200064ac   Data         768  os_var.o(.bss)
    OSTickTaskTCB                            0x200067ac   Data         196  os_var.o(.bss)
    OSTmrTaskTCB                             0x20006870   Data         196  os_var.o(.bss)
    Can1RxFifo                               0x20006934   Data          16  test_tasks.o(.bss)
    Can2RxFifo                               0x20006944   Data          16  test_tasks.o(.bss)
    testdata2                                0x20006954   Data        1500  test_tasks.o(.bss)
    SDIO_InitStructure                       0x200094e0   Data          24  sdio_sdcard.o(.bss)
    SDIO_CmdInitStructure                    0x200094f8   Data          20  sdio_sdcard.o(.bss)
    SDIO_DataInitStructure                   0x2000950c   Data          24  sdio_sdcard.o(.bss)
    SDCardInfo                               0x20009548   Data          88  sdio_sdcard.o(.bss)
    SDIO_DATA_BUFFER                         0x200095a0   Data         512  sdio_sdcard.o(.bss)
    __libspace_start                         0x200097a0   Data          96  libspace.o(.bss)
    __temporary_stack_top$libspace           0x20009800   Data           0  libspace.o(.bss)
    mem2base                                 0x68000000   Data          32  malloc.o(.ARM.__AT_0x68000000)
    mem2mapbase                              0x68000020   Data           2  malloc.o(.ARM.__AT_0x68000020)



==============================================================================

Memory Map of the image

  Image Entry point : 0x08000189

  Load Region LR_IROM1 (Base: 0x08000000, Size: 0x00016ca0, Max: 0x00080000, ABSOLUTE, COMPRESSED[0x00016a68])

    Execution Region ER_IROM1 (Base: 0x08000000, Size: 0x000168c0, Max: 0x00080000, ABSOLUTE)

    Base Addr    Size         Type   Attr      Idx    E Section Name        Object

    0x08000000   0x00000188   Data   RO          310    RESET               startup_stm32f40_41xxx.o
    0x08000188   0x00000008   Code   RO         1899  * !!!main             c_w.l(__main.o)
    0x08000190   0x00000034   Code   RO         2120    !!!scatter          c_w.l(__scatter.o)
    0x080001c4   0x0000005a   Code   RO         2118    !!dczerorl2         c_w.l(__dczerorl2.o)
    0x0800021e   0x00000002   PAD
    0x08000220   0x0000001c   Code   RO         2122    !!handler_zi        c_w.l(__scatter_zi.o)
    0x0800023c   0x00000000   Code   RO         1885    .ARM.Collect$$_printf_percent$$00000000  c_w.l(_printf_percent.o)
    0x0800023c   0x00000006   Code   RO         1878    .ARM.Collect$$_printf_percent$$00000001  c_w.l(_printf_n.o)
    0x08000242   0x00000006   Code   RO         1880    .ARM.Collect$$_printf_percent$$00000002  c_w.l(_printf_p.o)
    0x08000248   0x00000006   Code   RO         1882    .ARM.Collect$$_printf_percent$$00000008  c_w.l(_printf_i.o)
    0x0800024e   0x00000006   Code   RO         1883    .ARM.Collect$$_printf_percent$$00000009  c_w.l(_printf_d.o)
    0x08000254   0x00000006   Code   RO         1884    .ARM.Collect$$_printf_percent$$0000000A  c_w.l(_printf_u.o)
    0x0800025a   0x00000006   Code   RO         1881    .ARM.Collect$$_printf_percent$$0000000B  c_w.l(_printf_o.o)
    0x08000260   0x00000006   Code   RO         1879    .ARM.Collect$$_printf_percent$$0000000C  c_w.l(_printf_x.o)
    0x08000266   0x0000000a   Code   RO         1935    .ARM.Collect$$_printf_percent$$00000012  c_w.l(_printf_l.o)
    0x08000270   0x00000006   Code   RO         1876    .ARM.Collect$$_printf_percent$$00000013  c_w.l(_printf_c.o)
    0x08000276   0x00000006   Code   RO         1877    .ARM.Collect$$_printf_percent$$00000014  c_w.l(_printf_s.o)
    0x0800027c   0x00000006   Code   RO         1886    .ARM.Collect$$_printf_percent$$00000015  c_w.l(_printf_lc.o)
    0x08000282   0x00000004   Code   RO         1934    .ARM.Collect$$_printf_percent$$00000017  c_w.l(_printf_percent_end.o)
    0x08000286   0x00000002   Code   RO         1995    .ARM.Collect$$libinit$$00000000  c_w.l(libinit.o)
    0x08000288   0x00000004   Code   RO         2007    .ARM.Collect$$libinit$$00000001  c_w.l(libinit2.o)
    0x0800028c   0x00000000   Code   RO         2011    .ARM.Collect$$libinit$$00000008  c_w.l(libinit2.o)
    0x0800028c   0x00000000   Code   RO         2013    .ARM.Collect$$libinit$$0000000A  c_w.l(libinit2.o)
    0x0800028c   0x00000000   Code   RO         2015    .ARM.Collect$$libinit$$0000000C  c_w.l(libinit2.o)
    0x0800028c   0x00000006   Code   RO         2016    .ARM.Collect$$libinit$$0000000D  c_w.l(libinit2.o)
    0x08000292   0x00000000   Code   RO         2018    .ARM.Collect$$libinit$$0000000F  c_w.l(libinit2.o)
    0x08000292   0x0000000c   Code   RO         2019    .ARM.Collect$$libinit$$00000010  c_w.l(libinit2.o)
    0x0800029e   0x00000000   Code   RO         2020    .ARM.Collect$$libinit$$00000011  c_w.l(libinit2.o)
    0x0800029e   0x00000000   Code   RO         2022    .ARM.Collect$$libinit$$00000013  c_w.l(libinit2.o)
    0x0800029e   0x00000000   Code   RO         2024    .ARM.Collect$$libinit$$00000015  c_w.l(libinit2.o)
    0x0800029e   0x00000000   Code   RO         2026    .ARM.Collect$$libinit$$00000017  c_w.l(libinit2.o)
    0x0800029e   0x00000000   Code   RO         2028    .ARM.Collect$$libinit$$00000019  c_w.l(libinit2.o)
    0x0800029e   0x00000000   Code   RO         2030    .ARM.Collect$$libinit$$0000001B  c_w.l(libinit2.o)
    0x0800029e   0x00000000   Code   RO         2032    .ARM.Collect$$libinit$$0000001D  c_w.l(libinit2.o)
    0x0800029e   0x00000000   Code   RO         2034    .ARM.Collect$$libinit$$0000001F  c_w.l(libinit2.o)
    0x0800029e   0x00000000   Code   RO         2036    .ARM.Collect$$libinit$$00000021  c_w.l(libinit2.o)
    0x0800029e   0x00000000   Code   RO         2038    .ARM.Collect$$libinit$$00000023  c_w.l(libinit2.o)
    0x0800029e   0x00000000   Code   RO         2042    .ARM.Collect$$libinit$$0000002A  c_w.l(libinit2.o)
    0x0800029e   0x00000000   Code   RO         2044    .ARM.Collect$$libinit$$0000002C  c_w.l(libinit2.o)
    0x0800029e   0x00000000   Code   RO         2046    .ARM.Collect$$libinit$$0000002E  c_w.l(libinit2.o)
    0x0800029e   0x00000000   Code   RO         2048    .ARM.Collect$$libinit$$00000030  c_w.l(libinit2.o)
    0x0800029e   0x00000002   Code   RO         2049    .ARM.Collect$$libinit$$00000031  c_w.l(libinit2.o)
    0x080002a0   0x00000002   Code   RO         2075    .ARM.Collect$$libshutdown$$00000000  c_w.l(libshutdown.o)
    0x080002a2   0x00000000   Code   RO         2103    .ARM.Collect$$libshutdown$$00000003  c_w.l(libshutdown2.o)
    0x080002a2   0x00000000   Code   RO         2106    .ARM.Collect$$libshutdown$$00000006  c_w.l(libshutdown2.o)
    0x080002a2   0x00000000   Code   RO         2109    .ARM.Collect$$libshutdown$$00000009  c_w.l(libshutdown2.o)
    0x080002a2   0x00000000   Code   RO         2111    .ARM.Collect$$libshutdown$$0000000B  c_w.l(libshutdown2.o)
    0x080002a2   0x00000000   Code   RO         2114    .ARM.Collect$$libshutdown$$0000000E  c_w.l(libshutdown2.o)
    0x080002a2   0x00000002   Code   RO         2115    .ARM.Collect$$libshutdown$$0000000F  c_w.l(libshutdown2.o)
    0x080002a4   0x00000000   Code   RO         1917    .ARM.Collect$$rtentry$$00000000  c_w.l(rtentry.o)
    0x080002a4   0x00000000   Code   RO         1948    .ARM.Collect$$rtentry$$00000002  c_w.l(rtentry2.o)
    0x080002a4   0x00000006   Code   RO         1960    .ARM.Collect$$rtentry$$00000004  c_w.l(rtentry4.o)
    0x080002aa   0x00000000   Code   RO         1950    .ARM.Collect$$rtentry$$00000009  c_w.l(rtentry2.o)
    0x080002aa   0x00000004   Code   RO         1951    .ARM.Collect$$rtentry$$0000000A  c_w.l(rtentry2.o)
    0x080002ae   0x00000000   Code   RO         1953    .ARM.Collect$$rtentry$$0000000C  c_w.l(rtentry2.o)
    0x080002ae   0x00000008   Code   RO         1954    .ARM.Collect$$rtentry$$0000000D  c_w.l(rtentry2.o)
    0x080002b6   0x00000002   Code   RO         1999    .ARM.Collect$$rtexit$$00000000  c_w.l(rtexit.o)
    0x080002b8   0x00000000   Code   RO         2051    .ARM.Collect$$rtexit$$00000002  c_w.l(rtexit2.o)
    0x080002b8   0x00000004   Code   RO         2052    .ARM.Collect$$rtexit$$00000003  c_w.l(rtexit2.o)
    0x080002bc   0x00000006   Code   RO         2053    .ARM.Collect$$rtexit$$00000004  c_w.l(rtexit2.o)
    0x080002c2   0x00000002   PAD
    0x080002c4   0x000004bc   Code   RO            3    .text               main.o
    0x08000780   0x00000016   Code   RO          235    .text               stm32f4xx_it.o
    0x08000796   0x00000002   PAD
    0x08000798   0x00000210   Code   RO          284    .text               system_stm32f4xx.o
    0x080009a8   0x00000040   Code   RO          311    .text               startup_stm32f40_41xxx.o
    0x080009e8   0x000000e0   Code   RO          317    .text               misc.o
    0x08000ac8   0x00000294   Code   RO          337    .text               stm32f4xx_gpio.o
    0x08000d5c   0x0000065c   Code   RO          357    .text               stm32f4xx_rcc.o
    0x080013b8   0x00000454   Code   RO          399    .text               stm32f4xx_usart.o
    0x0800180c   0x00000ca2   Code   RO          442    .text               stm32f4xx_tim.o
    0x080024ae   0x00000002   PAD
    0x080024b0   0x000009f0   Code   RO          462    .text               stm32f4xx_can.o
    0x08002ea0   0x00000d68   Code   RO          482    .text               stm32f4xx_rtc.o
    0x08003c08   0x0000016c   Code   RO          502    .text               stm32f4xx_pwr.o
    0x08003d74   0x00000694   Code   RO          522    .text               stm32f4xx_flash.o
    0x08004408   0x00000480   Code   RO          542    .text               stm32f4xx_spi.o
    0x08004888   0x00000040   Code   RO          562    .text               stm32f4xx_iwdg.o
    0x080048c8   0x000001dc   Code   RO          602    .text               stm32f4xx_sdio.o
    0x08004aa4   0x000003a8   Code   RO          622    .text               stm32f4xx_dma.o
    0x08004e4c   0x00000110   Code   RO          642    .text               stm32f4xx_exti.o
    0x08004f5c   0x00000148   Code   RO          662    .text               delay.o
    0x080050a4   0x0000031c   Code   RO          684    .text               usart.o
    0x080053c0   0x00000084   Code   RO          719    .text               bsp.o
    0x08005444   0x000002ac   Code   RO          752    .text               cpu_core.o
    0x080056f0   0x00000034   Code   RO          778    .text               cpu_a.o
    0x08005724   0x00000256   Code   RO          781    .text               lib_ascii.o
    0x0800597a   0x00000002   PAD
    0x0800597c   0x000009c6   Code   RO          814    .text               lib_mem.o
    0x08006342   0x00000002   PAD
    0x08006344   0x0000092c   Code   RO          833    .text               lib_str.o
    0x08006c70   0x00000220   Code   RO          850    .text               lib_mem_a.o
    0x08006e90   0x000000d8   Code   RO          853    .text               os_cfg_app.o
    0x08006f68   0x00000dd8   Code   RO          876    .text               os_core.o
    0x08007d40   0x000001b0   Code   RO          888    .text               os_dbg.o
    0x08007ef0   0x00000e28   Code   RO          903    .text               os_flag.o
    0x08008d18   0x00000444   Code   RO          915    .text               os_int.o
    0x0800915c   0x00000238   Code   RO          927    .text               os_mem.o
    0x08009394   0x0000022c   Code   RO          939    .text               os_msg.o
    0x080095c0   0x00000ad4   Code   RO          951    .text               os_mutex.o
    0x0800a094   0x0000007c   Code   RO          969    .text               os_prio.o
    0x0800a110   0x000008d8   Code   RO          988    .text               os_q.o
    0x0800a9e8   0x00000830   Code   RO         1000    .text               os_sem.o
    0x0800b218   0x00001bb4   Code   RO         1018    .text               os_task.o
    0x0800cdcc   0x000004fc   Code   RO         1030    .text               os_tick.o
    0x0800d2c8   0x00000564   Code   RO         1042    .text               os_time.o
    0x0800d82c   0x00000818   Code   RO         1054    .text               os_tmr.o
    0x0800e044   0x000003f8   Code   RO         1082    .text               os_cpu_c.o
    0x0800e43c   0x00000d28   Code   RO         1126    .text               test_tasks.o
    0x0800f164   0x00000138   Code   RO         1183    .text               spi.o
    0x0800f29c   0x00000458   Code   RO         1233    .text               tiza_can.o
    0x0800f6f4   0x00000f40   Code   RO         1281    .text               tiza_gps.o
    0x08010634   0x00000144   Code   RO         1307    .text               tiza_io.o
    0x08010778   0x00000164   Code   RO         1330    .text               tiza_rs485.o
    0x080108dc   0x00000202   Code   RO         1353    .text               tiza_rtc.o
    0x08010ade   0x00000002   PAD
    0x08010ae0   0x000004b0   Code   RO         1376    .text               tiza_selfdef.o
    0x08010f90   0x00000284   Code   RO         1397    .text               tiza_spi_flash.o
    0x08011214   0x0000009c   Code   RO         1423    .text               tiza_wd.o
    0x080112b0   0x000025d8   Code   RO         1448    .text               tiza_gen.o
    0x08013888   0x00001d74   Code   RO         1507    .text               sdio_sdcard.o
    0x080155fc   0x0000009c   Code   RO         1587    .text               tiza_hw_timer.o
    0x08015698   0x00000030   Code   RO         1610    .text               tiza_misc.o
    0x080156c8   0x00000002   Code   RO         1800    .text               c_w.l(use_no_semi_2.o)
    0x080156ca   0x000000ee   Code   RO         1802    .text               c_w.l(lludivv7m.o)
    0x080157b8   0x00000018   Code   RO         1810    .text               c_w.l(noretval__2printf.o)
    0x080157d0   0x00000028   Code   RO         1812    .text               c_w.l(noretval__2sprintf.o)
    0x080157f8   0x0000004e   Code   RO         1816    .text               c_w.l(_printf_pad.o)
    0x08015846   0x00000024   Code   RO         1818    .text               c_w.l(_printf_truncate.o)
    0x0801586a   0x00000052   Code   RO         1820    .text               c_w.l(_printf_str.o)
    0x080158bc   0x00000074   Code   RO         1822    .text               c_w.l(_printf_dec.o)
    0x08015930   0x00000028   Code   RO         1824    .text               c_w.l(_printf_charcount.o)
    0x08015958   0x000000bc   Code   RO         1826    .text               c_w.l(_printf_wctomb.o)
    0x08015a14   0x00000054   Code   RO         1831    .text               c_w.l(_printf_oct_int.o)
    0x08015a68   0x0000007c   Code   RO         1847    .text               c_w.l(_printf_hex_int_ptr.o)
    0x08015ae4   0x00000188   Code   RO         1873    .text               c_w.l(__printf_flags_ss_wp.o)
    0x08015c6c   0x0000008a   Code   RO         1889    .text               c_w.l(rt_memcpy_v6.o)
    0x08015cf6   0x00000064   Code   RO         1891    .text               c_w.l(rt_memcpy_w.o)
    0x08015d5a   0x00000010   Code   RO         1893    .text               c_w.l(aeabi_memset.o)
    0x08015d6a   0x00000002   PAD
    0x08015d6c   0x00000080   Code   RO         1895    .text               c_w.l(strcmpv7m.o)
    0x08015dec   0x00000006   Code   RO         1897    .text               c_w.l(heapauxi.o)
    0x08015df2   0x00000002   Code   RO         1915    .text               c_w.l(use_no_semi.o)
    0x08015df4   0x000000b2   Code   RO         1922    .text               c_w.l(_printf_intcommon.o)
    0x08015ea6   0x00000002   PAD
    0x08015ea8   0x00000030   Code   RO         1924    .text               c_w.l(_printf_char_common.o)
    0x08015ed8   0x0000000a   Code   RO         1926    .text               c_w.l(_sputc.o)
    0x08015ee2   0x0000002c   Code   RO         1928    .text               c_w.l(_printf_char.o)
    0x08015f0e   0x00000002   PAD
    0x08015f10   0x00000024   Code   RO         1930    .text               c_w.l(_printf_char_file.o)
    0x08015f34   0x0000002c   Code   RO         1932    .text               c_w.l(_printf_wchar.o)
    0x08015f60   0x00000040   Code   RO         1936    .text               c_w.l(_wcrtomb.o)
    0x08015fa0   0x00000044   Code   RO         1938    .text               c_w.l(rt_memclr.o)
    0x08015fe4   0x00000010   Code   RO         1962    .text               c_w.l(rt_ctype_table.o)
    0x08015ff4   0x00000008   Code   RO         1968    .text               c_w.l(ferror.o)
    0x08015ffc   0x0000004e   Code   RO         1972    .text               c_w.l(rt_memclr_w.o)
    0x0801604a   0x0000004a   Code   RO         1974    .text               c_w.l(sys_stackheap_outer.o)
    0x08016094   0x00000008   Code   RO         1979    .text               c_w.l(rt_locale_intlibspace.o)
    0x0801609c   0x0000000c   Code   RO         1984    .text               c_w.l(exit.o)
    0x080160a8   0x00000008   Code   RO         1996    .text               c_w.l(libspace.o)
    0x080160b0   0x000000ac   Code   RO         1106    CODE                os_cpu_a.o
    0x0801615c   0x0000000e   Code   RO         1866    i._is_digit         c_w.l(__printf_wp.o)
    0x0801616a   0x00000002   PAD
    0x0801616c   0x0000002c   Code   RO         1982    locale$$code        c_w.l(lc_ctype_c.o)
    0x08016198   0x0000000a   Code   RO         2063    x$fpl$fpinit        fz_wm.l(fpinit.o)
    0x080161a2   0x00000002   PAD
    0x080161a4   0x00000104   Data   RO          754    .constdata          cpu_core.o
    0x080162a8   0x00000094   Data   RO          834    .constdata          lib_str.o
    0x0801633c   0x000000a4   Data   RO          855    .constdata          os_cfg_app.o
    0x080163e0   0x0000016c   Data   RO          889    .constdata          os_dbg.o
    0x0801654c   0x00000200   Data   RO         1377    .constdata          tiza_selfdef.o
    0x0801674c   0x00000008   Data   RO         1827    .constdata          c_w.l(_printf_wctomb.o)
    0x08016754   0x00000028   Data   RO         1848    .constdata          c_w.l(_printf_hex_int_ptr.o)
    0x0801677c   0x00000011   Data   RO         1874    .constdata          c_w.l(__printf_flags_ss_wp.o)
    0x0801678d   0x00000003   PAD
    0x08016790   0x00000020   Data   RO         2116    Region$$Table       anon$$obj.o
    0x080167b0   0x00000110   Data   RO         1981    locale$$data        c_w.l(lc_ctype_c.o)


    Execution Region RW_IRAM1 (Base: 0x20000000, Size: 0x00009e00, Max: 0x00020000, ABSOLUTE, COMPRESSED[0x000001a8])

    Base Addr    Size         Type   Attr      Idx    E Section Name        Object

    0x20000000   0x00000002   Data   RW            5    .data               main.o
    0x20000002   0x00000002   PAD
    0x20000004   0x00000014   Data   RW          285    .data               system_stm32f4xx.o
    0x20000018   0x00000010   Data   RW          358    .data               stm32f4xx_rcc.o
    0x20000028   0x00000004   Data   RW          663    .data               delay.o
    0x2000002c   0x0000000b   Data   RW          686    .data               usart.o
    0x20000037   0x00000001   PAD
    0x20000038   0x00000004   Data   RW          755    .data               cpu_core.o
    0x2000003c   0x00000004   Data   RW          816    .data               lib_mem.o
    0x20000040   0x00000008   Data   RW          970    .data               os_prio.o
    0x20000048   0x000000b0   Data   RW         1067    .data               os_var.o
    0x200000f8   0x00000004   Data   RW         1083    .data               os_cpu_c.o
    0x200000fc   0x0000000c   Data   RW         1128    .data               test_tasks.o
    0x20000108   0x00000002   Data   RW         1234    .data               tiza_can.o
    0x2000010a   0x00000002   PAD
    0x2000010c   0x0000000a   Data   RW         1283    .data               tiza_gps.o
    0x20000116   0x00000001   Data   RW         1424    .data               tiza_wd.o
    0x20000117   0x00000001   PAD
    0x20000118   0x000002b5   Data   RW         1450    .data               tiza_gen.o
    0x200003cd   0x00000003   PAD
    0x200003d0   0x00000010   Data   RW         1509    .data               sdio_sdcard.o
    0x200003e0   0x0000477c   Zero   RW            4    .bss                main.o
    0x20004b5c   0x000000d4   Zero   RW          685    .bss                usart.o
    0x20004c30   0x00000010   Zero   RW          753    .bss                cpu_core.o
    0x20004c40   0x00000448   Zero   RW          815    .bss                lib_mem.o
    0x20005088   0x00001290   Zero   RW          854    .bss                os_cfg_app.o
    0x20006318   0x0000061c   Zero   RW         1066    .bss                os_var.o
    0x20006934   0x000005fc   Zero   RW         1127    .bss                test_tasks.o
    0x20006f30   0x00000806   Zero   RW         1282    .bss                tiza_gps.o
    0x20007736   0x00001da4   Zero   RW         1449    .bss                tiza_gen.o
    0x200094da   0x00000006   PAD
    0x200094e0   0x000002c0   Zero   RW         1508    .bss                sdio_sdcard.o
    0x200097a0   0x00000060   Zero   RW         1997    .bss                c_w.l(libspace.o)
    0x20009800   0x00000200   Zero   RW          309    HEAP                startup_stm32f40_41xxx.o
    0x20009a00   0x00000400   Zero   RW          308    STACK               startup_stm32f40_41xxx.o



  Load Region LR$$.ARM.__AT_0x10000000 (Base: 0x10000000, Size: 0x00000000, Max: 0x0000f000, ABSOLUTE)

    Execution Region ER$$.ARM.__AT_0x10000000 (Base: 0x10000000, Size: 0x0000f000, Max: 0x0000f000, ABSOLUTE, UNINIT)

    Base Addr    Size         Type   Attr      Idx    E Section Name        Object

    0x10000000   0x0000f000   Zero   RW         1476    .ARM.__AT_0x10000000  malloc.o



  Load Region LR$$.ARM.__AT_0x1000F000 (Base: 0x1000f000, Size: 0x00000000, Max: 0x00000f00, ABSOLUTE)

    Execution Region ER$$.ARM.__AT_0x1000F000 (Base: 0x1000f000, Size: 0x00000f00, Max: 0x00000f00, ABSOLUTE, UNINIT)

    Base Addr    Size         Type   Attr      Idx    E Section Name        Object

    0x1000f000   0x00000f00   Zero   RW         1477    .ARM.__AT_0x1000F000  malloc.o



  Load Region LR$$.ARM.__AT_0x68000000 (Base: 0x68000000, Size: 0x00000000, Max: 0x00000020, ABSOLUTE)

    Execution Region ER$$.ARM.__AT_0x68000000 (Base: 0x68000000, Size: 0x00000020, Max: 0x00000020, ABSOLUTE, UNINIT)

    Base Addr    Size         Type   Attr      Idx    E Section Name        Object

    0x68000000   0x00000020   Zero   RW         1478    .ARM.__AT_0x68000000  malloc.o



  Load Region LR$$.ARM.__AT_0x68000020 (Base: 0x68000020, Size: 0x00000000, Max: 0x00000004, ABSOLUTE)

    Execution Region ER$$.ARM.__AT_0x68000020 (Base: 0x68000020, Size: 0x00000004, Max: 0x00000004, ABSOLUTE, UNINIT)

    Base Addr    Size         Type   Attr      Idx    E Section Name        Object

    0x68000020   0x00000002   Zero   RW         1479    .ARM.__AT_0x68000020  malloc.o


==============================================================================

Image component sizes


      Code (inc. data)   RO Data    RW Data    ZI Data      Debug   Object Name

       132         14          0          0          0       1267   bsp.o
        52          0          0          0          0        360   cpu_a.o
       684         14        260          4         16      14915   cpu_core.o
       328         24          0          4          0       1969   delay.o
       598          0          0          0          0       3840   lib_ascii.o
      2502         32          0          4       1096      22136   lib_mem.o
       544          0          0          0          0        504   lib_mem_a.o
      2348          6        148          0          0      13350   lib_str.o
      1212        346          0          2      18300     392604   main.o
         0          0          0          0      65314       1882   malloc.o
       224         20          0          0          0       2077   misc.o
       216        142        164          0       4752      20665   os_cfg_app.o
      3544        282          0          0          0      12305   os_core.o
       172         32          0          0          0        424   os_cpu_a.o
      1016         64          0          4          0       4265   os_cpu_c.o
       432        286        364          0          0       4941   os_dbg.o
      3624        110          0          0          0       8035   os_flag.o
      1092        146          0          0          0       2412   os_int.o
       568         20          0          0          0       2908   os_mem.o
       556         12          0          0          0       2923   os_msg.o
      2772        114          0          0          0       5730   os_mutex.o
       124          4          0          8          0       2092   os_prio.o
      2264         76          0          0          0       6408   os_q.o
      2096         70          0          0          0       6420   os_sem.o
      7092        270          0          0          0      13782   os_task.o
      1276         90          0          0          0       3517   os_tick.o
      1380         46          0          0          0       3309   os_time.o
      2072        140          0          0          0       6606   os_tmr.o
         0          0          0        176       1564      18944   os_var.o
      7540        286          0         16        704      25149   sdio_sdcard.o
       312          8          0          0          0       1121   spi.o
        64         26        392          0       1536        864   startup_stm32f40_41xxx.o
      2544         38          0          0          0       8228   stm32f4xx_can.o
       936         32          0          0          0       6557   stm32f4xx_dma.o
       272         10          0          0          0       2523   stm32f4xx_exti.o
      1684         28          0          0          0       9414   stm32f4xx_flash.o
       660         44          0          0          0       4353   stm32f4xx_gpio.o
        22          0          0          0          0       1095   stm32f4xx_it.o
        64          6          0          0          0       1445   stm32f4xx_iwdg.o
       364         12          0          0          0       3847   stm32f4xx_pwr.o
      1628         52          0         16          0      13224   stm32f4xx_rcc.o
      3432         44          0          0          0      15316   stm32f4xx_rtc.o
       476         16          0          0          0       7644   stm32f4xx_sdio.o
      1152         36          0          0          0       7105   stm32f4xx_spi.o
      3234         60          0          0          0      22556   stm32f4xx_tim.o
      1108         34          0          0          0       8056   stm32f4xx_usart.o
       528         46          0         20          0       1963   system_stm32f4xx.o
      3368       1026          0         12       1532       9391   test_tasks.o
      1112         30          0          2          0       4106   tiza_can.o
      9688       1468          0        693       7588      29804   tiza_gen.o
      3904        110          0         10       2054      10145   tiza_gps.o
       156          6          0          0          0        935   tiza_hw_timer.o
       324         18          0          0          0       1281   tiza_io.o
        48          6          0          0          0       1106   tiza_misc.o
       356         14          0          0          0       1895   tiza_rs485.o
       514          0          0          0          0       3310   tiza_rtc.o
      1200         24        512          0          0       7840   tiza_selfdef.o
       644          6          0          0          0       4024   tiza_spi_flash.o
       156          8          0          1          0       1232   tiza_wd.o
       796        104          0         11        212       4392   usart.o

    ----------------------------------------------------------------------
     87216       5958       1872        992     104676     800511   Object Totals
         0          0         32          0          0          0   (incl. Generated)
        10          0          0          9          8          0   (incl. Padding)

    ----------------------------------------------------------------------

      Code (inc. data)   RO Data    RW Data    ZI Data      Debug   Library Member Name

        90          0          0          0          0          0   __dczerorl2.o
         8          0          0          0          0         68   __main.o
       392          4         17          0          0         92   __printf_flags_ss_wp.o
        14          0          0          0          0         68   __printf_wp.o
        52          8          0          0          0          0   __scatter.o
        28          0          0          0          0          0   __scatter_zi.o
         6          0          0          0          0          0   _printf_c.o
        44          0          0          0          0        108   _printf_char.o
        48          6          0          0          0         96   _printf_char_common.o
        36          4          0          0          0         80   _printf_char_file.o
        40          0          0          0          0         68   _printf_charcount.o
         6          0          0          0          0          0   _printf_d.o
       116         16          0          0          0         92   _printf_dec.o
       124          4         40          0          0        144   _printf_hex_int_ptr.o
         6          0          0          0          0          0   _printf_i.o
       178          0          0          0          0         88   _printf_intcommon.o
        10          0          0          0          0          0   _printf_l.o
         6          0          0          0          0          0   _printf_lc.o
         6          0          0          0          0          0   _printf_n.o
         6          0          0          0          0          0   _printf_o.o
        84         10          0          0          0         88   _printf_oct_int.o
         6          0          0          0          0          0   _printf_p.o
        78          0          0          0          0        108   _printf_pad.o
         0          0          0          0          0          0   _printf_percent.o
         4          0          0          0          0          0   _printf_percent_end.o
         6          0          0          0          0          0   _printf_s.o
        82          0          0          0          0         80   _printf_str.o
        36          0          0          0          0         84   _printf_truncate.o
         6          0          0          0          0          0   _printf_u.o
        44          0          0          0          0        108   _printf_wchar.o
       188          6          8          0          0         92   _printf_wctomb.o
         6          0          0          0          0          0   _printf_x.o
        10          0          0          0          0         68   _sputc.o
        64          0          0          0          0         92   _wcrtomb.o
        16          0          0          0          0         68   aeabi_memset.o
        12          0          0          0          0         72   exit.o
         8          0          0          0          0         68   ferror.o
         6          0          0          0          0        152   heapauxi.o
        44         10        272          0          0         76   lc_ctype_c.o
         2          0          0          0          0          0   libinit.o
        24          0          0          0          0          0   libinit2.o
         2          0          0          0          0          0   libshutdown.o
         2          0          0          0          0          0   libshutdown2.o
         8          4          0          0         96         68   libspace.o
       238          0          0          0          0        100   lludivv7m.o
        24          4          0          0          0         84   noretval__2printf.o
        40          6          0          0          0         84   noretval__2sprintf.o
        16          4          0          0          0         76   rt_ctype_table.o
         8          4          0          0          0         68   rt_locale_intlibspace.o
        68          0          0          0          0         68   rt_memclr.o
        78          0          0          0          0         80   rt_memclr_w.o
       138          0          0          0          0         68   rt_memcpy_v6.o
       100          0          0          0          0         80   rt_memcpy_w.o
         0          0          0          0          0          0   rtentry.o
        12          0          0          0          0          0   rtentry2.o
         6          0          0          0          0          0   rtentry4.o
         2          0          0          0          0          0   rtexit.o
        10          0          0          0          0          0   rtexit2.o
       128          0          0          0          0         68   strcmpv7m.o
        74          0          0          0          0         80   sys_stackheap_outer.o
         2          0          0          0          0         68   use_no_semi.o
         2          0          0          0          0         68   use_no_semi_2.o
        10          0          0          0          0        116   fpinit.o

    ----------------------------------------------------------------------
      2924         90        340          0         96       3236   Library Totals
        14          0          3          0          0          0   (incl. Padding)

    ----------------------------------------------------------------------

      Code (inc. data)   RO Data    RW Data    ZI Data      Debug   Library Name

      2900         90        337          0         96       3120   c_w.l
        10          0          0          0          0        116   fz_wm.l

    ----------------------------------------------------------------------
      2924         90        340          0         96       3236   Library Totals

    ----------------------------------------------------------------------

==============================================================================


      Code (inc. data)   RO Data    RW Data    ZI Data      Debug   

     90140       6048       2212        992     104772     787931   Grand Totals
     90140       6048       2212        424     104772     787931   ELF Image Totals (compressed)
     90140       6048       2212        424          0          0   ROM Totals

==============================================================================

    Total RO  Size (Code + RO Data)                92352 (  90.19kB)
    Total RW  Size (RW Data + ZI Data)            105764 ( 103.29kB)
    Total ROM Size (Code + RO Data + RW Data)      92776 (  90.60kB)

==============================================================================

